2026-09-24 10:31:24 | === Supervisor check ===
2026-09-24 10:31:24 | Webhook dead, restarting
2026-09-24 10:31:24 | Starting webhook server...
2026-09-24 10:31:28 | ✅ Webhook up (PID 2272201)
2026-09-24 10:31:28 | Tunnel dead, restarting
2026-09-24 10:31:28 | Starting tunnel...
2026-09-24 10:31:34 | ✅ Tunnel URL: https://compounds-recommended-sectors-seeking.trycloudflare.com
2026-09-24 10:31:34 | URL changed: https://compounds-recommended-sectors-seeking.trycloudflare.com, updating Helius
2026-09-24 10:31:34 | No config file at /opt/data/hermes_work/bot/copy_trader/cache/helius_webhook.json
2026-09-24 10:31:34 | ✅ Done
2026-09-24 10:31:45 | === Supervisor check ===
2026-09-24 10:31:45 | Webhook dead, restarting
2026-09-24 10:31:45 | Starting webhook server...
2026-09-24 10:31:49 | ✅ Webhook up (PID 2272309)
2026-09-24 10:31:49 | URL changed: https://compounds-recommended-sectors-seeking.trycloudflare.com, updating Helius
2026-09-24 10:31:49 | No config file at /opt/data/hermes_work/bot/copy_trader/cache/helius_webhook.json
2026-09-24 10:31:49 | ✅ Done
2026-09-24 10:32:22 | === Supervisor starting ===
2026-09-24 10:32:22 | PID: 2272441
2026-09-24 10:32:22 | Webhook unhealthy, restarting
2026-09-24 10:32:22 | Starting webhook server...
2026-09-24 10:32:26 | ✅ Webhook up (PID 2272442)
2026-09-24 10:32:26 | Tunnel unhealthy, restarting
2026-09-24 10:32:26 | Starting tunnel...
2026-09-24 10:32:28 | ✅ Tunnel up: https://compounds-recommended-sectors-seeking.trycloudflare.com
2026-09-24 10:33:29 | Tunnel unhealthy, restarting
2026-09-24 10:33:29 | Starting tunnel...
2026-09-24 10:33:31 | ✅ Tunnel up: https://compounds-recommended-sectors-seeking.trycloudflare.com
2026-09-24 10:34:32 | Tunnel unhealthy, restarting
2026-09-24 10:34:32 | Starting tunnel...
2026-09-24 10:34:34 | ✅ Tunnel up: https://compounds-recommended-sectors-seeking.trycloudflare.com
2026-09-24 10:35:35 | Tunnel unhealthy, restarting
2026-09-24 10:35:35 | Starting tunnel...
2026-09-24 10:35:37 | ✅ Tunnel up: https://compounds-recommended-sectors-seeking.trycloudflare.com
2026-09-24 10:36:38 | Tunnel unhealthy, restarting
2026-09-24 10:36:38 | Starting tunnel...
2026-09-24 10:36:40 | ✅ Tunnel up: https://compounds-recommended-sectors-seeking.trycloudflare.com
2026-09-24 10:37:45 | === Supervisor starting ===
2026-09-24 10:37:45 | PID: 2273173
2026-09-24 10:42:45 | === Supervisor stopping ===
2026-09-24 10:42:55 | === Supervisor starting ===
2026-09-24 10:42:55 | PID: 2273828
2026-09-25 06:01:14 | Webhook unhealthy, restarting
2026-09-25 06:01:18 | Starting webhook server...
2026-09-25 06:02:19 | ❌ Webhook failed health check
2026-09-25 06:03:33 | Webhook unhealthy, restarting
2026-09-25 06:03:39 | Starting webhook server...
2026-09-25 06:04:49 | ❌ Webhook failed health check
2026-09-25 06:05:59 | Webhook unhealthy, restarting
2026-09-25 06:06:13 | Starting webhook server...
2026-09-25 06:07:07 | ❌ Webhook failed health check
2026-09-25 06:08:39 | Webhook unhealthy, restarting
2026-09-25 06:08:48 | Starting webhook server...
2026-09-25 06:09:02 | ❌ Webhook failed health check
2026-09-26 10:42:08 | Tunnel unhealthy, restarting
2026-09-26 10:42:08 | Starting tunnel...
2026-09-26 10:42:10 | ✅ Tunnel up: https://compounds-recommended-sectors-seeking.trycloudflare.com
2026-09-27 09:15:29 | Webhook unhealthy, restarting
2026-09-27 09:15:31 | Starting webhook server...
2026-09-27 09:15:40 | ❌ Webhook failed health check
2026-09-27 09:15:41 | Tunnel unhealthy, restarting
2026-09-27 09:15:41 | Starting tunnel...
2026-09-27 09:15:43 | ✅ Tunnel up: https://compounds-recommended-sectors-seeking.trycloudflare.com
2026-09-27 09:17:06 | Webhook unhealthy, restarting
2026-09-27 09:17:17 | Starting webhook server...
2026-09-27 09:17:38 | ❌ Webhook failed health check
2026-09-27 09:47:45 | Webhook unhealthy, restarting
2026-09-27 09:47:59 | Starting webhook server...
2026-09-27 09:48:50 | ❌ Webhook failed health check
2026-09-27 09:50:48 | Webhook unhealthy, restarting
2026-09-27 09:50:57 | Starting webhook server...
2026-09-27 09:52:33 | ❌ Webhook failed health check
2026-09-27 09:55:21 | Webhook unhealthy, restarting
2026-09-27 09:55:30 | Starting webhook server...
2026-09-27 09:58:20 | ❌ Webhook failed health check
2026-09-27 10:01:58 | Webhook unhealthy, restarting
2026-09-27 10:02:31 | Starting webhook server...
2026-09-27 10:05:55 | ❌ Webhook failed health check
2026-09-27 10:20:57 | Webhook unhealthy, restarting
2026-09-27 10:21:03 | Starting webhook server...
2026-09-27 10:21:21 | ❌ Webhook failed health check
