[2026-09-14 05:11:06 UTC] Base Memecoin Bot v1.0 starting...
[2026-09-14 05:11:06 UTC] Balance: 0.1 ETH
[2026-09-14 05:11:06 UTC] Positions: 0
[2026-09-14 05:11:06 UTC] Total trades: 0
[2026-09-14 05:11:06 UTC] v1.0: System initialized. Watching for opportunities...
[2026-09-14 05:11:06 UTC] DexScreener error: HTTP Error 404: Not Found
[2026-09-14 05:11:06 UTC] DexScreener test: 0 pairs fetched
[2026-09-14 05:12:07 UTC] ==================================================
[2026-09-14 05:12:07 UTC] Base Memecoin Bot v1.0 starting...
[2026-09-14 05:12:07 UTC] Balance: 0.1 ETH
[2026-09-14 05:12:07 UTC] Positions: 0
[2026-09-14 05:12:07 UTC] Total trades: 0
[2026-09-14 05:12:07 UTC] DexScreener: fetched 16 Base pairs
[2026-09-14 05:12:07 UTC] After filters: 0 candidates pass all gates
[2026-09-14 05:12:07 UTC] Final: balance=0.1 ETH, positions=0, today PnL=+0.00000 ETH
[2026-09-14 05:12:48 UTC] ==================================================
[2026-09-14 05:12:48 UTC] Base Memecoin Bot v1.0 starting...
[2026-09-14 05:12:48 UTC] Balance: 0.1 ETH
[2026-09-14 05:12:48 UTC] Positions: 0
[2026-09-14 05:12:48 UTC] Total trades: 0
[2026-09-14 05:12:48 UTC] DexScreener: fetched 0 Base pairs
[2026-09-14 05:12:48 UTC] No pairs fetched, exiting
