GoQ4hgs5rSn7Us3cDN5Wj6rxTSQx7kxC6vXfXf1Tpump
QrevJp2pxTYFe39SiZfGJ3koUffLtuSNdxLf2ymV8Y5
AtbAaWSw6q4E4xSqVb6H1953Dq5HKF6WUAwpQdwdpump
4EXKnYf7at8s5msWqZbjWd7DMvgV222L1dYsttCFpump
4Zw9euwXShpc8FeEaaxLQo2yUF3zo3JMg9Jx7d8spump
Fj8HyQ75DxK3BcoemYDbBLNykW2EVqDuthZSNWHxpump
HmDzYaDkCDgbSPqkCTgFiCz9uzxuRmALop3W9sVApump
DbqgmXe2kBBmY1p25otaBd6o4MsSo2jg1wNeKYnnpump
7uj4xHwYYkFuRoxE32ipD7JCdqbFKJmvXgf76H2pump
rfhQ4zJpg7zZ1GcwzkiLhtNfiCARvCxWHavCYEtpump
sWXQgq4ktgUEwqEf9wi2Vq7auEGXxrgj9azmrXHpump
9dvUFp5fS9E1nNG6idiA6PfaEcCFLr1Bq7G1XnXwpump
9LYpEqkpgCoZ99NsrPuoobDZsShteajdqtCtpKscStq7
J8YvongBwt8d9XzeqrrmsouwvLWYcG5iYkBoxuV8pump
6P7Cr68tpGSy9r3jsQZxLPrGi3PXJ4MLUwFkca3apump
DdLrs39fKj75BbdhibzPeR2uDy944DEhS5K1oSHrpump
8gfTLThNUXpdvXvcZ8BpM76mHPo7AKBQA8CH5V6Lpump
9TSR8LD9L2tywk3MokNXJBFqSY6CQHLFkZmxNTQovqex
6vKWQfKssFXNwiGe1YaHnk8w1Tn1VMfMcL1KKEvMpump
GXqjsySBUAbMxjmn7yXB5ZmSFWAeQjaX9RJ6ddS5pump
HUUY7mthcd2uuAbvZSsHKaES96zGKquGK1DK1D27pump
58TYyM2LTcex8juCuM4mDGcrAYY6bxumqUgJvbPepump
42WZKSnbxWMKkgQk5SUTmS4Y8YRsrqHf3Y1N6pgYN9Yy
FZKnfU7rPjPDUHKG5zX8TWoU51AMkDZpL4KuZDJfpump
FkfwSJRoUWZqQHcetttTqm6A6XiN4bmMwujq5hmYpump
4zTjMcyNxcogz2gbgsk1LqCPJ2ovdtecWPG41eTQs2fb
HdNtXFrxa4brPCZneezgQjKVFXMEirtuHCrLPBUcpump
Fz3fCVAsnKHTJewLU8CaB8L5KhsbACs6yhR2JzzLpump
BayA1i2FjN62dTC4A4DLP8n7oMTsfpHSc8SJVxcBpump
25vdvxAatzG4WeeRAZjGZTDHGdMzKUnqkqQT4cXrpump
7Xu5FcGymsJh5h2tMAxNQbAvcaXWbGyk3HAPi38Mpump
8xUEB1JmqZQgzzmbAZMEswYLfWADnA3RoRrBTuc4pump
Hkokdmgir9AufURa4uqMDoBDdz7Er6ZzrPpaPjbpump
5xxnT772vG9jMGJp7XNXkKzdErUFBnzGdszGL5mVpump
AChYy8M1xMYfoUrZTf6cZc4yQStbVMW9ZweWPMMqnqA9
2Yo6jE1pJNnHM2HrrRZ6aZN4S3nYq7qaQTkU3b2Vpump
6Xu3JF2fY8Fcvih5qCgUho6QVrAYad526B6VAYdFpump
BQawRNH4tjiv4mazr6CocqHeZuHg8b5McX5NCKm8pump
6e4kiW8dW67CiFLYUA68T4A1L57vqyyuRmfm3wo6pump
7wkoU6higx4354PyHMDKPmpgH8GEV3VC2uZbqkXhpump
4BohhVPvbsyN9foDfGdt5D6sJU4yaEWH3MQRaZKkpump
FZNr2rZbVkSzumUSX77DRPoPxqoj3qJUVqco4nDgpump
Ay4P9yh8TzUf5fgcTLBuR8wqdmZoWdGgVjQp6bWmpump
A66wJeJLLHBY6R4hPfkvawPieYyM8HqJQv5XAdoYpump
dvugCAr2AjbWWJdpevbPQEXqAJ737GD2uBL5Ltzpump
3hhYpVJmevC5DhVLQHfuUMg6K2sdK9nNaHsuD2W2pump
6To39VLFxMAWFVaySrowi8WukXeHB6GAyWirrnCrpump
3vJSyg56kbqFC2CFnnkCsA7rusLmoEFuVZm1Wzn5pump
7zqJ4HuoHwD3bhQZXEWKcSK79g5onQTNxk7DARdXpump
7U9LREkxb89qZ29q7HoHoVuD7PSmDRTp3xDQQ9Q1pump
8MFXDZ9y9Ap5DQFJ6pV866X1d4RaF9GuXVMvdT87pump
vPbYdXK3t6Yo6VFesJUWXAZboDSXAYQyDEHCwk1pump
ENzBhLCBy4vaQPaze8v6y1gsKqpcDuiuDkVQhDHjpump
HCb3JWmJaqF9gixAsMxxV8qDVAunEWynJioRdnpdpump
HjdMzVxvLwAmtJEG2h6txdRMAMmTX3NEGrTgYbLkpump
HGDGiM52QU4rxJjPVYFTxaWMMYqTKF3o7BsMbwScpump
14B91ALy7fmzRmatmSD7XyYTut9323E47WqGyLyopump
AbRrcddzqTeCNokts2thcRsZR8PxTmakQV7G7VVJXzg6
HaYRgD7rjwj1AwoWjafokj4196sufYm4vKFamLZVpump
4PH8FoZaZmRGsaEhBJw1oRrug7jzCtwGLe1XSQngpump
DyJSo6uVhXGxNcRNpoRFUnzJw6ZTH5SBVzQbYuQwi9Fs
8rapWxzdBBSTN9zhUUy75oEH8zdbQh1WhUQRwUjgfA7y
RrPwxte4mj5fcybJBvicphfMjbpPDEPyPWjGm1eYMVj
2i8rHpZCUD9Hk9vtahFCa8Sy3yXCR7CCnzRMuasjDmUh
8jG8YMvXHYh1Qx1NQ9QFH1JvYetFyyjkgkFAs4SUbC6T
8qsWx2xxFaBkq1Nhby4LzPjRkcVpH7NjqVguxbUgAQVz
62moSfmFpx42Sf9aKcGMd6xz5rMYTu8VwUS8STES88tw
5YWAxp1bYypiwgAi55xpjn2wT2VJACARFMehMyJawNiu
HhJSRM3aLznDh9SpRwR2duMYZWS56dXXY4HuqaxvGc3Y
GE29sP9DkCBGPu8W9aYwbUz5Dr9rgoyQy4bJ7nawDbe2
GzwYMRSa9Da66LnmG1mfUo6qDu1npn9eC9gGMmtRwtZW
7AJorGaVuqTFJUbgF5LtMG8tpaieFXmsb8Yzyrg59tTA
6g8RWBoDdrc3L7ogaqw5wog8MjUUy1tpzzAC9MmJohEs
75and46pjpp3NngTTNPJxEt34vKTF7LMVERxeYoc1ANx
HpjTekNxW9ijKdHG2R3cLT7iTWomQxCjeDQrUh5AexF2
7D9o1i46fpHyyMPv6AgUsoSnGfbntiYkiyJPxx2RTUhA
Ab7AMFUA8VMD58yHW7J7Ntpf8aSVhfHtTVGfdRwik3wY
6k6p2UhidtdxLQSXLkykJ3eLCtbcigoL3qkgFN9FQoAt
5JLQapX4qgmpcHngrRxE51hC7WzYiY3pEGDFfzTEqRty
3arK4NwPjoQCTcGZcXD1C8rLMGVrFzJV92zJT25qpump
A6JE2AhnrHdRPB5P9idmgd7UsaCozaEjJZfWxRTJzXTm
BsH2U4cb4PTpYkSD4b4fQvgEasLB8VVsLdVtDMXe2sf7
C6cH4t2XXoM8WADfKrEowL4meJvxoxs6yeuwdTzA8D9P
7Z1oVjSr9xb4kyTXNgbfpLtw3k9oj9uPcBxQHVid2Nws
5kvJnk822uKKs99qXRpr1pcKyXpy3h6G9Nz5UchfqUvJ
79giAkaF9kVpUKnBPZAWRnRH1u3bX9nRWuEk5uh1b1Ep
45XbHSVctd4j32FrpqUAiE3hRx9iEBxZFpzfed2RKLy4
Eou6uxgAcyULpaXokUdPYVofGdPDDoNb2LxzNgqQzrGC
5wvopEk7khwXcppPnyCqfdfAEEDRNzamcCtb82jSXyfS
2JTpzJgasz12T373JXJh2QQL5sgAd1zBeEVJkKDrwEg6
CNSRVqHCGhHpENCaUKmmqvs49EXcnCnQwWUzSEbP4PE3
CuWpp6CkmhtLx6ErbbDvymgtsdRbpdXN8iwt94Wk6G8h
53gvCZKN69Cgmq8iLQQWFhp7Mz9KAwokK7NFwVvMxpUS
Gbw1a3Vx51SUvq7QBALeiN6p61nGAdVdyfMEtV7m54sp
9s6fqDdrrzyApfQQgGaRw4F4Y4nt9F3eHKQXbn8T13eB
EmresHRihfrw8Myufo6Zgs1j3zFcpVgTirz6d2YMm7cD
GrAx97VeGX4UebecE74tVV1SgUx7Kc9CuLMfeQvfFeNb
4C2dyUojdi4Xq5aipopodFhNw8Nip42LornDEghgy1VR
3aD9u3TJRYHWE2i6ksUSYxL9qBH9uCGbYhBexwEZo252
4eVgcXMnoHTc3KgshNv45ubSWMtJ5H3zhyvUFgBRpump
8KeAJeathJquWkHvsrFCKQTMTT3xEPQ2wscdSZKo5ixF
5RKp3JkckeShU5fYFSFz3R1PJgXd2NCUjWNUP9Zb5NMc
GV2A6KwWsZkqFPmTgq1buqZdHT7sSWfWrQ9S4RqGJKwV
EZAruYrtFjneqFuuZrgkHbsLTvSnEky8LCNawdMoBMoT
4w6zBTLjsAr1AWtRM7KZmEqD3GZRbn1Mz2jLSHzqH9Vm
8DpbtiDw9qftYSvpLrJznYNG6SsCYjv2tp1oR2iFzjBD
i4BW2MEVPo7SrXFThSH5HpcT8rrDSsAJYE85mzhQFHq
v3b61JPRJEojd831fETrmutD2aD3otNPLzgcLioSyux
2Lxsh1yDJPwLEtvfHi1hPt2w3WMsfRjx8BtcezAX3Jwa
4a7aY19TLtQKv5rfLbS2ENXoe4888SKy87RMRvqqmgQT
3hDi2h1xVsprDszonKqCoQJpNo7MtHmCodeJoFZcjTxK
ARGYRH1H4YRS1pwGxqPQNgSYJ8KeBLb9Lm6eLYtpAadK
5PvzoPe2nQn6Em7DyHmn6TDAy4Z2eqC5SjNdqJGxVTu5
2M8G9TZMytwtiaz14hT58EbjRsR9F1CsJXDiKtJwbXcp
A7u6AqyLadJ3qvxoaBF4mfCVofr2mNB3xKma6WWShVNV
2AfUkX9kj6xWMaTAJGygjZ2rGymeSE7j2n3UVxxbpump
AwtrTmDmN9NqPKwfDTQKyFWQw7AEL3cVcwfatSarLknr
3QGZaizAwpG3fe9trbusL4NwFvfDLGggwhTks726FQHY
8ck97EVQXszJvLXV5J3V6KwfGhXkpxMpDbqgZGM3E3Um
FuyAsxi2owwnv4V9pt5nCPWcJjsDxQFrkSthbRGTpump
6BRYWcwZjfxHQ6RLpgopZvUxAkGBcrxKSoTvnj5Tpump
EJB24d7joVzRmwqgzrURzhYLcECVpaLQ1yVunH87pump
CmCCUmYBmURL1KqKhyUUDWtcSUcEXexUb9d11qWszATd
4poCCxBJJcMMFJkUfoyBXFD86iUnY7nqZACZeZ1Epump
AHWDmozZb5ZVLs6VxkscGYWS5QN7TJqSTQSqnDxDpump
aET6gbRheQvewdD19xpzLozV84k72Bn3QcrCAvfjgcu
8iJzvsS1y3DUcTmnz7J62XonGjkEQ9TKQoXpJssMpump
BSxntyGM59F9Lu8nMsma8Xd5HUsdn1dJmPvTUiUrpump
HcfGhsRejA4fUiHjSyeyaaUPWmARKBgTvRSitNxspump
4RngpYCuoVsRLcUXrV4rXD7Ae2yGLiNf7TST4tNLpump
EBW5qz8KCFxDy6N6LdxqmxmLuqHEKzHEF6qmr82wS1yj
