[32m[INFO][0m setup plugin alembic.autogenerate.schemas
[32m[INFO][0m setup plugin alembic.autogenerate.tables
[32m[INFO][0m setup plugin alembic.autogenerate.types
[32m[INFO][0m setup plugin alembic.autogenerate.constraints
[32m[INFO][0m setup plugin alembic.autogenerate.defaults
[32m[INFO][0m setup plugin alembic.autogenerate.comments
[32m[INFO][0m setup plugin alembic.autogenerate.checkconstraint_byname
[32m[INFO][0m Found comfy_kitchen backend eager: {'available': True, 'disabled': False, 'unavailable_reason': None, 'capabilities': ['adaln', 'apply_rope', 'apply_rope1', 'apply_rope1_', 'apply_rope_', 'apply_rope_split_half', 'apply_rope_split_half1', 'apply_rope_split_half1_', 'apply_rope_split_half_', 'convrot_w4a4_linear', 'dequantize_convrot_w4a4_weight', 'dequantize_int8_convrot_weight', 'dequantize_int8_convrot_weight_dtype', 'dequantize_int8_embedding', 'dequantize_int8_simple', 'dequantize_int8_simple_dtype', 'dequantize_mxfp8', 'dequantize_nvfp4', 'dequantize_per_tensor_fp8', 'dequantize_w4a8_int8_weight', 'gemv_awq_w4a16', 'int8_linear', 'na3d', 'prepare_int4_weight_for_int8_linear', 'quantize_and_rotate_rowwise', 'quantize_convrot_w4a4_weight', 'quantize_int8_convrot_weight', 'quantize_int8_rowwise', 'quantize_int8_tensorwise', 'quantize_mxfp8', 'quantize_nvfp4', 'quantize_per_tensor_fp8', 'quantize_svdquant_w4a4', 'quantize_w4a8_int8_weight', 'rms_adaln', 'rms_rope', 'rms_rope1', 'rms_rope1_', 'rms_rope_', 'rms_rope_split_half', 'rms_rope_split_half1', 'rms_rope_split_half1_', 'rms_rope_split_half_', 'rotate_int8_convrot_weight', 'scaled_mm_mxfp8', 'scaled_mm_nvfp4', 'scaled_mm_svdquant_w4a4', 'stochastic_rounding_fp8', 'w4a8_int8_linear']}
[32m[INFO][0m Found comfy_kitchen backend triton: {'available': False, 'disabled': True, 'unavailable_reason': "ImportError: No module named 'triton'", 'capabilities': []}
[32m[INFO][0m Found comfy_kitchen backend cuda: {'available': False, 'disabled': True, 'unavailable_reason': 'CUDA not available on this system', 'capabilities': []}
[32m[INFO][0m Found comfy_kitchen backend hip: {'available': False, 'disabled': False, 'unavailable_reason': 'PyTorch ROCm/HIP runtime not available', 'capabilities': []}
[32m[INFO][0m Checkpoint files will always be loaded safely.
[32m[INFO][0m Total VRAM 4096 MB, total RAM 4096 MB
[32m[INFO][0m RAM limited by cgroup to 4096 MB (host has 11927 MB)
[32m[INFO][0m pytorch version: 2.13.0+cpu
[32m[INFO][0m Set vram state to: DISABLED
[32m[INFO][0m Device: cpu
[32m[INFO][0m Using sub quadratic optimization for attention, if you have memory or speed issues try using: --use-split-cross-attention
[32m[INFO][0m Python version: 3.13.5 (main, Jul 15 2026, 20:25:40) [GCC 14.2.0]
[32m[INFO][0m ComfyUI version: 0.34.0
[32m[INFO][0m comfy-aimdo version: 0.4.15
[32m[INFO][0m comfy-kitchen version: 0.2.31
[32m[INFO][0m comfyui-frontend-package version: 1.51.9
[32m[INFO][0m comfyui-workflow-templates version: 0.11.50
[32m[INFO][0m comfyui-embedded-docs version: 0.5.10
[32m[INFO][0m comfy-kitchen version: 0.2.31
[32m[INFO][0m comfy-aimdo version: 0.4.15
[32m[INFO][0m [Prompt Server] web root: /opt/data/home/comfy/ComfyUI/.venv/lib/python3.13/site-packages/comfyui_frontend_package/static
[32m[INFO][0m Asset seeder disabled
[32m[INFO][0m No OpenGL_accelerate module loaded: No module named 'OpenGL_accelerate'
[32m[INFO][0m ComfyUI-GGUF: Allowing full torch compile
[32m[INFO][0m 
Import times for custom nodes:
[32m[INFO][0m    0.0 seconds: /opt/data/home/comfy/ComfyUI/custom_nodes/websocket_image_save.py
[32m[INFO][0m    0.0 seconds: /opt/data/home/comfy/ComfyUI/custom_nodes/comfyui-gguf
[32m[INFO][0m 
[32m[INFO][0m Context impl SQLiteImpl.
[32m[INFO][0m Will assume non-transactional DDL.
[1m[31m[ERROR][0m Failed to initialize database. Please ensure you have installed the latest requirements. If the error persists, please report this as in future the database will be required: Could not acquire lock on database '/opt/data/home/comfy/ComfyUI/user/comfyui.db'. Another ComfyUI process may already be using it. Use --database-url to specify a separate database file.
[32m[INFO][0m Using RAM pressure cache.
[32m[INFO][0m Starting server

[1m[31m[ERROR][0m Port 8188 is already in use on address 0.0.0.0. Please close the other application or use a different port with --port.
