2026-08-31T12:39:24Z INF Thank you for trying Cloudflare Tunnel. Doing so, without a Cloudflare account, is a quick way to experiment and try it out. However, be aware that these account-less Tunnels have no uptime guarantee, are subject to the Cloudflare Online Services Terms of Use (https://www.cloudflare.com/website-terms/), and Cloudflare reserves the right to investigate your use of Tunnels for violations of such terms. If you intend to use Tunnels in production you should use a pre-created named tunnel by following: https://developers.cloudflare.com/cloudflare-one/connections/connect-apps
2026-08-31T12:39:24Z INF Requesting new quick Tunnel on trycloudflare.com...
2026-08-31T12:39:32Z INF +--------------------------------------------------------------------------------------------+
2026-08-31T12:39:32Z INF |  Your quick Tunnel has been created! Visit it at (it may take some time to be reachable):  |
2026-08-31T12:39:32Z INF |  https://rugby-answer-computation-occur.trycloudflare.com                                  |
2026-08-31T12:39:32Z INF +--------------------------------------------------------------------------------------------+
2026-08-31T12:39:32Z INF Cannot determine default configuration path. No file [config.yml config.yaml] in [~/.cloudflared ~/.cloudflare-warp ~/cloudflare-warp /etc/cloudflared /usr/local/etc/cloudflared]
2026-08-31T12:39:32Z INF Version 2026.8.2 (Checksum 7747d94570fb390cf47dcb4f9555c193c6355cda9793f0d878d9049e5d6a7790)
2026-08-31T12:39:32Z INF GOOS: linux, GOVersion: go1.26.4, GoArch: arm64
2026-08-31T12:39:32Z INF Settings: map[ha-connections:1 no-autoupdate:true protocol:quic url:http://localhost:8082]
2026-08-31T12:39:32Z INF Generated Connector ID: 5a8035a0-8ff9-40c2-857c-e1bf27f41572
2026-08-31T12:39:32Z INF Initial protocol quic
2026-08-31T12:39:32Z INF ICMP proxy will use 10.0.3.2 as source for IPv4
2026-08-31T12:39:32Z INF ICMP proxy will use ::1 in zone lo as source for IPv6
2026/08/31 12:39:32 failed to sufficiently increase receive buffer size (was: 208 kiB, wanted: 7168 kiB, got: 416 kiB). See https://github.com/quic-go/quic-go/wiki/UDP-Buffer-Sizes for details.
2026-08-31T12:39:32Z INF ICMP proxy will use 10.0.3.2 as source for IPv4
2026-08-31T12:39:32Z INF ICMP proxy will use ::1 in zone lo as source for IPv6
2026-08-31T12:39:32Z INF Starting metrics server on 127.0.0.1:20243/metrics
2026-08-31T12:39:32Z INF Tunnel connection curve preferences: [X25519MLKEM768 CurveID(65074) CurveP256] connIndex=0 event=0 ip=198.41.200.233
2026-08-31T12:39:33Z INF Registered tunnel connection connIndex=0 connection=3289aa26-720c-4f34-bbfe-d089a321a023 event=0 ip=198.41.200.233 location=syd01 protocol=quic
2026-08-31T12:39:38Z INF +-------------------------------------------------------------------------------------+
2026-08-31T12:39:38Z INF |                               CONNECTIVITY PRE-CHECKS                               |
2026-08-31T12:39:38Z INF +-------------------------------------------------------------------------------------+
2026-08-31T12:39:38Z INF |  COMPONENT         TARGET                     STATUS  DETAILS                       |
2026-08-31T12:39:38Z INF |  DNS Resolution    region1.v2.argotunnel.com  PASS    DNS Resolved successfully     |
2026-08-31T12:39:38Z INF |  DNS Resolution    region2.v2.argotunnel.com  PASS    DNS Resolved successfully     |
2026-08-31T12:39:38Z INF |  UDP Connectivity  region1.v2.argotunnel.com  PASS    QUIC connection successful    |
2026-08-31T12:39:38Z INF |  UDP Connectivity  region2.v2.argotunnel.com  PASS    QUIC connection successful    |
2026-08-31T12:39:38Z INF |  TCP Connectivity  region1.v2.argotunnel.com  PASS    HTTP/2 connection successful  |
2026-08-31T12:39:38Z INF |  TCP Connectivity  region2.v2.argotunnel.com  PASS    HTTP/2 connection successful  |
2026-08-31T12:39:38Z INF |  Cloudflare API    api.cloudflare.com:443     PASS    API is reachable              |
2026-08-31T12:39:38Z INF |                                                                                     |
2026-08-31T12:39:38Z INF |  SUMMARY: Environment is healthy. cloudflared will use 'quic' as primary protocol.  |
2026-08-31T12:39:38Z INF +-------------------------------------------------------------------------------------+
2026-08-31T12:39:38Z INF precheck component="DNS Resolution" details="DNS Resolved successfully" run_id=11c71801-4ab6-4734-9066-ff42c5841ee9 status=pass target=region1.v2.argotunnel.com
2026-08-31T12:39:38Z INF precheck component="DNS Resolution" details="DNS Resolved successfully" run_id=11c71801-4ab6-4734-9066-ff42c5841ee9 status=pass target=region2.v2.argotunnel.com
2026-08-31T12:39:38Z INF precheck component="UDP Connectivity" details="QUIC connection successful" run_id=11c71801-4ab6-4734-9066-ff42c5841ee9 status=pass target=region1.v2.argotunnel.com
2026-08-31T12:39:38Z INF precheck component="UDP Connectivity" details="QUIC connection successful" run_id=11c71801-4ab6-4734-9066-ff42c5841ee9 status=pass target=region2.v2.argotunnel.com
2026-08-31T12:39:38Z INF precheck component="TCP Connectivity" details="HTTP/2 connection successful" run_id=11c71801-4ab6-4734-9066-ff42c5841ee9 status=pass target=region1.v2.argotunnel.com
2026-08-31T12:39:38Z INF precheck component="TCP Connectivity" details="HTTP/2 connection successful" run_id=11c71801-4ab6-4734-9066-ff42c5841ee9 status=pass target=region2.v2.argotunnel.com
2026-08-31T12:39:38Z INF precheck component="Cloudflare API" details="API is reachable" run_id=11c71801-4ab6-4734-9066-ff42c5841ee9 status=pass target=api.cloudflare.com:443
2026-08-31T12:39:38Z INF precheck complete hard_fail=false run_id=11c71801-4ab6-4734-9066-ff42c5841ee9 suggested_protocol=quic
