2026-08-31T06:09:48Z INF Thank you for trying Cloudflare Tunnel. Doing so, without a Cloudflare account, is a quick way to experiment and try it out. However, be aware that these account-less Tunnels have no uptime guarantee, are subject to the Cloudflare Online Services Terms of Use (https://www.cloudflare.com/website-terms/), and Cloudflare reserves the right to investigate your use of Tunnels for violations of such terms. If you intend to use Tunnels in production you should use a pre-created named tunnel by following: https://developers.cloudflare.com/cloudflare-one/connections/connect-apps
2026-08-31T06:09:48Z INF Requesting new quick Tunnel on trycloudflare.com...
2026-08-31T06:09:51Z INF +--------------------------------------------------------------------------------------------+
2026-08-31T06:09:51Z INF |  Your quick Tunnel has been created! Visit it at (it may take some time to be reachable):  |
2026-08-31T06:09:51Z INF |  https://calculation-enjoying-ips-unions.trycloudflare.com                                 |
2026-08-31T06:09:51Z INF +--------------------------------------------------------------------------------------------+
2026-08-31T06:09:51Z INF Cannot determine default configuration path. No file [config.yml config.yaml] in [~/.cloudflared ~/.cloudflare-warp ~/cloudflare-warp /etc/cloudflared /usr/local/etc/cloudflared]
2026-08-31T06:09:51Z INF Version 2026.8.2 (Checksum 7747d94570fb390cf47dcb4f9555c193c6355cda9793f0d878d9049e5d6a7790)
2026-08-31T06:09:51Z INF GOOS: linux, GOVersion: go1.26.4, GoArch: arm64
2026-08-31T06:09:51Z INF Settings: map[ha-connections:1 no-autoupdate:true protocol:quic url:http://localhost:8082]
2026-08-31T06:09:51Z INF Generated Connector ID: 264e046b-bc29-450c-9a7c-c82cc64e0fec
2026-08-31T06:09:51Z INF Initial protocol quic
2026-08-31T06:09:51Z INF ICMP proxy will use 10.0.3.2 as source for IPv4
2026-08-31T06:09:51Z INF ICMP proxy will use ::1 in zone lo as source for IPv6
2026/08/31 06:09:51 failed to sufficiently increase receive buffer size (was: 208 kiB, wanted: 7168 kiB, got: 416 kiB). See https://github.com/quic-go/quic-go/wiki/UDP-Buffer-Sizes for details.
2026-08-31T06:09:51Z INF ICMP proxy will use 10.0.3.2 as source for IPv4
2026-08-31T06:09:51Z INF ICMP proxy will use ::1 in zone lo as source for IPv6
2026-08-31T06:09:51Z INF Starting metrics server on 127.0.0.1:20241/metrics
2026-08-31T06:09:51Z INF Tunnel connection curve preferences: [X25519MLKEM768 CurveID(65074) CurveP256] connIndex=0 event=0 ip=198.41.200.113
2026-08-31T06:09:52Z INF Registered tunnel connection connIndex=0 connection=f1d5d8b1-727b-4fe1-8587-58bbd09a0c68 event=0 ip=198.41.200.113 location=adl01 protocol=quic
2026-08-31T06:09:57Z INF +-------------------------------------------------------------------------------------+
2026-08-31T06:09:57Z INF |                               CONNECTIVITY PRE-CHECKS                               |
2026-08-31T06:09:57Z INF +-------------------------------------------------------------------------------------+
2026-08-31T06:09:57Z INF |  COMPONENT         TARGET                     STATUS  DETAILS                       |
2026-08-31T06:09:57Z INF |  DNS Resolution    region1.v2.argotunnel.com  PASS    DNS Resolved successfully     |
2026-08-31T06:09:57Z INF |  DNS Resolution    region2.v2.argotunnel.com  PASS    DNS Resolved successfully     |
2026-08-31T06:09:57Z INF |  UDP Connectivity  region1.v2.argotunnel.com  PASS    QUIC connection successful    |
2026-08-31T06:09:57Z INF |  UDP Connectivity  region2.v2.argotunnel.com  PASS    QUIC connection successful    |
2026-08-31T06:09:57Z INF |  TCP Connectivity  region1.v2.argotunnel.com  PASS    HTTP/2 connection successful  |
2026-08-31T06:09:57Z INF |  TCP Connectivity  region2.v2.argotunnel.com  PASS    HTTP/2 connection successful  |
2026-08-31T06:09:57Z INF |  Cloudflare API    api.cloudflare.com:443     PASS    API is reachable              |
2026-08-31T06:09:57Z INF |                                                                                     |
2026-08-31T06:09:57Z INF |  SUMMARY: Environment is healthy. cloudflared will use 'quic' as primary protocol.  |
2026-08-31T06:09:57Z INF +-------------------------------------------------------------------------------------+
2026-08-31T06:09:57Z INF precheck component="DNS Resolution" details="DNS Resolved successfully" run_id=d3005e68-f2cc-48b0-8502-9062e45b7e9d status=pass target=region1.v2.argotunnel.com
2026-08-31T06:09:57Z INF precheck component="DNS Resolution" details="DNS Resolved successfully" run_id=d3005e68-f2cc-48b0-8502-9062e45b7e9d status=pass target=region2.v2.argotunnel.com
2026-08-31T06:09:57Z INF precheck component="UDP Connectivity" details="QUIC connection successful" run_id=d3005e68-f2cc-48b0-8502-9062e45b7e9d status=pass target=region1.v2.argotunnel.com
2026-08-31T06:09:57Z INF precheck component="UDP Connectivity" details="QUIC connection successful" run_id=d3005e68-f2cc-48b0-8502-9062e45b7e9d status=pass target=region2.v2.argotunnel.com
2026-08-31T06:09:57Z INF precheck component="TCP Connectivity" details="HTTP/2 connection successful" run_id=d3005e68-f2cc-48b0-8502-9062e45b7e9d status=pass target=region1.v2.argotunnel.com
2026-08-31T06:09:57Z INF precheck component="TCP Connectivity" details="HTTP/2 connection successful" run_id=d3005e68-f2cc-48b0-8502-9062e45b7e9d status=pass target=region2.v2.argotunnel.com
2026-08-31T06:09:57Z INF precheck component="Cloudflare API" details="API is reachable" run_id=d3005e68-f2cc-48b0-8502-9062e45b7e9d status=pass target=api.cloudflare.com:443
2026-08-31T06:09:57Z INF precheck complete hard_fail=false run_id=d3005e68-f2cc-48b0-8502-9062e45b7e9d suggested_protocol=quic
2026-08-31T12:51:08Z INF Initiating graceful shutdown due to signal terminated ...
2026-08-31T12:51:08Z ERR failed to run the datagram handler error="context canceled" connIndex=0 event=0 ip=198.41.200.113
2026-08-31T12:51:08Z ERR failed to serve tunnel connection error="accept stream listener encountered a failure while serving" connIndex=0 event=0 ip=198.41.200.113
2026-08-31T12:51:08Z ERR Serve tunnel error error="accept stream listener encountered a failure while serving" connIndex=0 event=0 ip=198.41.200.113
2026-08-31T12:51:08Z INF Retrying connection in up to 1s connIndex=0 event=0 ip=198.41.200.113
2026-08-31T12:51:08Z ERR Connection terminated connIndex=0
2026-08-31T12:51:08Z ERR no more connections active and exiting
2026-08-31T12:51:08Z INF Tunnel server stopped
2026-08-31T12:51:08Z INF Metrics server stopped
